// Jest Snapshot v1, https://goo.gl/fbAQLP

exports[`costFunc output matches snapshot 1`] = `
Object {
  "G": Graph {
    "backpropFuncs": Array [
      [Function],
      [Function],
      [Function],
      [Function],
      [Function],
      [Function],
      [Function],
      [Function],
      [Function],
      [Function],
      [Function],
      [Function],
      [Function],
      [Function],
      [Function],
      [Function],
      [Function],
      [Function],
      [Function],
      [Function],
      [Function],
      [Function],
      [Function],
      [Function],
      [Function],
      [Function],
      [Function],
      [Function],
      [Function],
      [Function],
      [Function],
      [Function],
      [Function],
      [Function],
      [Function],
      [Function],
      [Function],
      [Function],
      [Function],
      [Function],
      [Function],
      [Function],
      [Function],
      [Function],
      [Function],
      [Function],
      [Function],
      [Function],
      [Function],
      [Function],
      [Function],
      [Function],
      [Function],
      [Function],
      [Function],
      [Function],
      [Function],
      [Function],
      [Function],
      [Function],
      [Function],
      [Function],
      [Function],
      [Function],
      [Function],
      [Function],
      [Function],
      [Function],
      [Function],
      [Function],
      [Function],
      [Function],
      [Function],
      [Function],
      [Function],
      [Function],
      [Function],
      [Function],
      [Function],
      [Function],
      [Function],
      [Function],
      [Function],
      [Function],
      [Function],
      [Function],
      [Function],
      [Function],
      [Function],
      [Function],
      [Function],
      [Function],
      [Function],
      [Function],
      [Function],
      [Function],
      [Function],
      [Function],
      [Function],
      [Function],
      [Function],
      [Function],
      [Function],
      [Function],
      [Function],
      [Function],
      [Function],
      [Function],
      [Function],
      [Function],
      [Function],
      [Function],
      [Function],
      [Function],
      [Function],
      [Function],
      [Function],
      [Function],
      [Function],
      [Function],
      [Function],
      [Function],
      [Function],
      [Function],
      [Function],
      [Function],
      [Function],
      [Function],
      [Function],
      [Function],
      [Function],
      [Function],
      [Function],
      [Function],
      [Function],
      [Function],
      [Function],
      [Function],
      [Function],
      [Function],
      [Function],
      [Function],
      [Function],
      [Function],
      [Function],
      [Function],
      [Function],
      [Function],
      [Function],
      [Function],
      [Function],
      [Function],
      [Function],
      [Function],
      [Function],
      [Function],
      [Function],
      [Function],
      [Function],
      [Function],
      [Function],
      [Function],
      [Function],
      [Function],
      [Function],
      [Function],
      [Function],
      [Function],
      [Function],
      [Function],
      [Function],
      [Function],
      [Function],
      [Function],
      [Function],
      [Function],
      [Function],
      [Function],
      [Function],
      [Function],
      [Function],
      [Function],
      [Function],
      [Function],
      [Function],
      [Function],
      [Function],
      [Function],
      [Function],
      [Function],
      [Function],
      [Function],
      [Function],
      [Function],
      [Function],
      [Function],
      [Function],
      [Function],
      [Function],
      [Function],
      [Function],
      [Function],
      [Function],
      [Function],
      [Function],
      [Function],
      [Function],
      [Function],
      [Function],
      [Function],
      [Function],
      [Function],
      [Function],
      [Function],
      [Function],
      [Function],
      [Function],
      [Function],
      [Function],
      [Function],
      [Function],
      [Function],
      [Function],
      [Function],
      [Function],
      [Function],
      [Function],
      [Function],
      [Function],
      [Function],
      [Function],
      [Function],
      [Function],
      [Function],
      [Function],
      [Function],
      [Function],
      [Function],
      [Function],
      [Function],
      [Function],
      [Function],
      [Function],
      [Function],
      [Function],
      [Function],
      [Function],
      [Function],
      [Function],
      [Function],
      [Function],
      [Function],
      [Function],
      [Function],
      [Function],
      [Function],
      [Function],
      [Function],
      [Function],
      [Function],
      [Function],
      [Function],
      [Function],
      [Function],
      [Function],
      [Function],
      [Function],
      [Function],
      [Function],
      [Function],
      [Function],
      [Function],
      [Function],
      [Function],
      [Function],
      [Function],
      [Function],
      [Function],
      [Function],
      [Function],
      [Function],
      [Function],
      [Function],
      [Function],
      [Function],
      [Function],
      [Function],
      [Function],
      [Function],
      [Function],
      [Function],
      [Function],
      [Function],
      [Function],
      [Function],
      [Function],
      [Function],
      [Function],
      [Function],
      [Function],
      [Function],
      [Function],
      [Function],
      [Function],
      [Function],
      [Function],
      [Function],
      [Function],
      [Function],
      [Function],
      [Function],
      [Function],
      [Function],
      [Function],
      [Function],
      [Function],
      [Function],
      [Function],
      [Function],
      [Function],
      [Function],
      [Function],
      [Function],
      [Function],
      [Function],
      [Function],
      [Function],
      [Function],
      [Function],
      [Function],
      [Function],
      [Function],
      [Function],
      [Function],
      [Function],
      [Function],
      [Function],
      [Function],
      [Function],
      [Function],
      [Function],
      [Function],
      [Function],
      [Function],
      [Function],
      [Function],
      [Function],
      [Function],
      [Function],
      [Function],
      [Function],
      [Function],
      [Function],
      [Function],
      [Function],
      [Function],
      [Function],
      [Function],
      [Function],
      [Function],
      [Function],
      [Function],
      [Function],
      [Function],
      [Function],
      [Function],
      [Function],
      [Function],
      [Function],
      [Function],
      [Function],
      [Function],
      [Function],
      [Function],
      [Function],
      [Function],
      [Function],
      [Function],
      [Function],
      [Function],
      [Function],
      [Function],
      [Function],
      [Function],
      [Function],
      [Function],
      [Function],
      [Function],
      [Function],
      [Function],
      [Function],
      [Function],
      [Function],
      [Function],
      [Function],
      [Function],
      [Function],
      [Function],
      [Function],
      [Function],
      [Function],
      [Function],
      [Function],
      [Function],
      [Function],
      [Function],
      [Function],
      [Function],
      [Function],
      [Function],
      [Function],
      [Function],
      [Function],
      [Function],
      [Function],
      [Function],
      [Function],
      [Function],
      [Function],
      [Function],
      [Function],
      [Function],
      [Function],
      [Function],
      [Function],
      [Function],
      [Function],
      [Function],
      [Function],
      [Function],
      [Function],
      [Function],
      [Function],
      [Function],
      [Function],
      [Function],
      [Function],
      [Function],
      [Function],
      [Function],
      [Function],
      [Function],
      [Function],
      [Function],
      [Function],
      [Function],
      [Function],
      [Function],
      [Function],
      [Function],
      [Function],
      [Function],
      [Function],
      [Function],
      [Function],
      [Function],
      [Function],
      [Function],
      [Function],
      [Function],
      [Function],
      [Function],
      [Function],
      [Function],
      [Function],
      [Function],
      [Function],
      [Function],
      [Function],
      [Function],
      [Function],
      [Function],
      [Function],
      [Function],
      [Function],
      [Function],
      [Function],
      [Function],
      [Function],
      [Function],
      [Function],
      [Function],
      [Function],
      [Function],
      [Function],
      [Function],
      [Function],
      [Function],
      [Function],
      [Function],
      [Function],
      [Function],
      [Function],
      [Function],
      [Function],
      [Function],
      [Function],
      [Function],
      [Function],
      [Function],
      [Function],
      [Function],
      [Function],
      [Function],
      [Function],
      [Function],
      [Function],
      [Function],
      [Function],
      [Function],
      [Function],
      [Function],
      [Function],
      [Function],
      [Function],
      [Function],
      [Function],
      [Function],
      [Function],
      [Function],
      [Function],
      [Function],
      [Function],
      [Function],
      [Function],
      [Function],
      [Function],
      [Function],
      [Function],
      [Function],
      [Function],
      [Function],
      [Function],
      [Function],
      [Function],
      [Function],
      [Function],
      [Function],
      [Function],
      [Function],
      [Function],
      [Function],
      [Function],
      [Function],
      [Function],
      [Function],
      [Function],
      [Function],
      [Function],
      [Function],
      [Function],
      [Function],
      [Function],
      [Function],
      [Function],
      [Function],
      [Function],
      [Function],
      [Function],
      [Function],
      [Function],
      [Function],
      [Function],
      [Function],
      [Function],
      [Function],
      [Function],
      [Function],
      [Function],
      [Function],
      [Function],
      [Function],
      [Function],
      [Function],
      [Function],
      [Function],
      [Function],
      [Function],
      [Function],
      [Function],
      [Function],
      [Function],
      [Function],
      [Function],
      [Function],
      [Function],
      [Function],
      [Function],
      [Function],
      [Function],
      [Function],
      [Function],
      [Function],
      [Function],
      [Function],
      [Function],
      [Function],
      [Function],
      [Function],
      [Function],
      [Function],
      [Function],
      [Function],
      [Function],
      [Function],
      [Function],
      [Function],
      [Function],
      [Function],
      [Function],
      [Function],
      [Function],
      [Function],
      [Function],
      [Function],
      [Function],
      [Function],
      [Function],
      [Function],
      [Function],
      [Function],
      [Function],
      [Function],
      [Function],
      [Function],
      [Function],
      [Function],
      [Function],
      [Function],
      [Function],
      [Function],
      [Function],
      [Function],
      [Function],
      [Function],
      [Function],
      [Function],
      [Function],
      [Function],
      [Function],
      [Function],
      [Function],
      [Function],
      [Function],
      [Function],
      [Function],
      [Function],
      [Function],
      [Function],
      [Function],
      [Function],
      [Function],
      [Function],
      [Function],
      [Function],
      [Function],
      [Function],
      [Function],
      [Function],
      [Function],
      [Function],
      [Function],
      [Function],
      [Function],
      [Function],
      [Function],
      [Function],
      [Function],
      [Function],
      [Function],
      [Function],
      [Function],
      [Function],
      [Function],
      [Function],
      [Function],
      [Function],
      [Function],
      [Function],
      [Function],
      [Function],
      [Function],
      [Function],
      [Function],
      [Function],
      [Function],
      [Function],
      [Function],
      [Function],
      [Function],
      [Function],
      [Function],
      [Function],
      [Function],
      [Function],
      [Function],
      [Function],
      [Function],
      [Function],
      [Function],
      [Function],
      [Function],
      [Function],
      [Function],
      [Function],
      [Function],
      [Function],
      [Function],
      [Function],
      [Function],
      [Function],
      [Function],
      [Function],
      [Function],
      [Function],
      [Function],
      [Function],
      [Function],
      [Function],
      [Function],
      [Function],
      [Function],
      [Function],
      [Function],
      [Function],
      [Function],
      [Function],
      [Function],
      [Function],
      [Function],
      [Function],
      [Function],
      [Function],
      [Function],
      [Function],
      [Function],
      [Function],
      [Function],
      [Function],
      [Function],
      [Function],
      [Function],
      [Function],
      [Function],
      [Function],
      [Function],
      [Function],
      [Function],
      [Function],
      [Function],
      [Function],
      [Function],
      [Function],
      [Function],
      [Function],
      [Function],
      [Function],
      [Function],
      [Function],
      [Function],
      [Function],
      [Function],
      [Function],
      [Function],
      [Function],
      [Function],
      [Function],
      [Function],
      [Function],
      [Function],
      [Function],
      [Function],
      [Function],
      [Function],
      [Function],
      [Function],
      [Function],
      [Function],
      [Function],
      [Function],
      [Function],
      [Function],
      [Function],
      [Function],
      [Function],
      [Function],
      [Function],
      [Function],
      [Function],
      [Function],
      [Function],
      [Function],
      [Function],
      [Function],
      [Function],
      [Function],
      [Function],
      [Function],
      [Function],
      [Function],
      [Function],
      [Function],
      [Function],
      [Function],
      [Function],
      [Function],
      [Function],
      [Function],
      [Function],
      [Function],
      [Function],
      [Function],
      [Function],
      [Function],
      [Function],
      [Function],
      [Function],
      [Function],
      [Function],
      [Function],
      [Function],
      [Function],
      [Function],
      [Function],
      [Function],
      [Function],
      [Function],
      [Function],
      [Function],
      [Function],
      [Function],
      [Function],
      [Function],
      [Function],
      [Function],
      [Function],
      [Function],
      [Function],
      [Function],
      [Function],
      [Function],
      [Function],
      [Function],
      [Function],
      [Function],
      [Function],
      [Function],
      [Function],
      [Function],
      [Function],
      [Function],
      [Function],
      [Function],
      [Function],
      [Function],
      [Function],
      [Function],
      [Function],
      [Function],
      [Function],
      [Function],
      [Function],
      [Function],
      [Function],
      [Function],
      [Function],
      [Function],
      [Function],
      [Function],
      [Function],
      [Function],
      [Function],
      [Function],
      [Function],
      [Function],
      [Function],
      [Function],
      [Function],
      [Function],
      [Function],
      [Function],
      [Function],
      [Function],
      [Function],
      [Function],
      [Function],
      [Function],
      [Function],
      [Function],
      [Function],
      [Function],
      [Function],
      [Function],
      [Function],
      [Function],
      [Function],
      [Function],
      [Function],
      [Function],
      [Function],
      [Function],
      [Function],
      [Function],
      [Function],
      [Function],
      [Function],
      [Function],
      [Function],
      [Function],
      [Function],
      [Function],
      [Function],
      [Function],
      [Function],
      [Function],
      [Function],
      [Function],
      [Function],
      [Function],
      [Function],
      [Function],
      [Function],
      [Function],
      [Function],
      [Function],
      [Function],
      [Function],
      [Function],
      [Function],
      [Function],
      [Function],
      [Function],
      [Function],
      [Function],
      [Function],
      [Function],
      [Function],
      [Function],
      [Function],
      [Function],
      [Function],
      [Function],
      [Function],
      [Function],
      [Function],
      [Function],
      [Function],
      [Function],
      [Function],
      [Function],
      [Function],
      [Function],
      [Function],
      [Function],
      [Function],
      [Function],
      [Function],
      [Function],
      [Function],
      [Function],
      [Function],
      [Function],
      [Function],
      [Function],
      [Function],
      [Function],
      [Function],
      [Function],
      [Function],
      [Function],
      [Function],
      [Function],
      [Function],
      [Function],
      [Function],
      [Function],
      [Function],
      [Function],
      [Function],
      [Function],
      [Function],
      [Function],
      [Function],
      [Function],
      [Function],
      [Function],
      [Function],
      [Function],
      [Function],
      [Function],
      [Function],
      [Function],
      [Function],
      [Function],
      [Function],
      [Function],
      [Function],
      [Function],
      [Function],
      [Function],
      [Function],
      [Function],
      [Function],
      [Function],
      [Function],
      [Function],
      [Function],
      [Function],
      [Function],
      [Function],
      [Function],
      [Function],
      [Function],
      [Function],
      [Function],
      [Function],
      [Function],
      [Function],
      [Function],
      [Function],
      [Function],
      [Function],
      [Function],
      [Function],
      [Function],
      [Function],
      [Function],
      [Function],
      [Function],
      [Function],
      [Function],
      [Function],
      [Function],
      [Function],
      [Function],
      [Function],
      [Function],
      [Function],
      [Function],
      [Function],
      [Function],
      [Function],
      [Function],
      [Function],
      [Function],
      [Function],
      [Function],
      [Function],
      [Function],
      [Function],
      [Function],
      [Function],
      [Function],
      [Function],
      [Function],
      [Function],
      [Function],
      [Function],
      [Function],
      [Function],
      [Function],
      [Function],
      [Function],
      [Function],
      [Function],
      [Function],
      [Function],
      [Function],
      [Function],
      [Function],
      [Function],
      [Function],
      [Function],
      [Function],
      [Function],
      [Function],
      [Function],
      [Function],
      [Function],
      [Function],
      [Function],
      [Function],
      [Function],
      [Function],
      [Function],
      [Function],
      [Function],
      [Function],
      [Function],
      [Function],
      [Function],
      [Function],
      [Function],
      [Function],
      [Function],
      [Function],
      [Function],
      [Function],
      [Function],
      [Function],
      [Function],
      [Function],
      [Function],
      [Function],
      [Function],
      [Function],
      [Function],
      [Function],
      [Function],
      [Function],
      [Function],
      [Function],
      [Function],
      [Function],
      [Function],
      [Function],
      [Function],
      [Function],
      [Function],
      [Function],
      [Function],
      [Function],
      [Function],
      [Function],
      [Function],
      [Function],
      [Function],
      [Function],
      [Function],
      [Function],
      [Function],
      [Function],
      [Function],
      [Function],
      [Function],
      [Function],
      [Function],
      [Function],
      [Function],
      [Function],
      [Function],
      [Function],
      [Function],
      [Function],
      [Function],
      [Function],
      [Function],
      [Function],
      [Function],
      [Function],
      [Function],
      [Function],
      [Function],
      [Function],
      [Function],
      [Function],
      [Function],
      [Function],
      [Function],
      [Function],
      [Function],
      [Function],
      [Function],
      [Function],
      [Function],
      [Function],
      [Function],
      [Function],
      [Function],
      [Function],
      [Function],
      [Function],
      [Function],
      [Function],
      [Function],
      [Function],
      [Function],
      [Function],
      [Function],
      [Function],
      [Function],
      [Function],
      [Function],
      [Function],
      [Function],
      [Function],
      [Function],
      [Function],
      [Function],
      [Function],
      [Function],
      [Function],
      [Function],
      [Function],
      [Function],
      [Function],
      [Function],
      [Function],
      [Function],
      [Function],
      [Function],
      [Function],
      [Function],
      [Function],
      [Function],
      [Function],
      [Function],
      [Function],
      [Function],
      [Function],
      [Function],
      [Function],
      [Function],
      [Function],
      [Function],
      [Function],
      [Function],
      [Function],
      [Function],
      [Function],
      [Function],
      [Function],
      [Function],
      [Function],
      [Function],
      [Function],
      [Function],
      [Function],
      [Function],
      [Function],
      [Function],
      [Function],
      [Function],
      [Function],
      [Function],
      [Function],
      [Function],
      [Function],
      [Function],
      [Function],
      [Function],
      [Function],
      [Function],
      [Function],
      [Function],
      [Function],
      [Function],
      [Function],
      [Function],
      [Function],
      [Function],
      [Function],
      [Function],
      [Function],
      [Function],
      [Function],
      [Function],
      [Function],
      [Function],
      [Function],
      [Function],
      [Function],
      [Function],
      [Function],
      [Function],
      [Function],
      [Function],
      [Function],
      [Function],
      [Function],
      [Function],
      [Function],
    ],
    "doBackprop": true,
  },
  "cost": 69.17909748851844,
  "ppl": 23.20817137957938,
}
`;

exports[`predictSentence output matches snapshot 1`] = `"teaeeeeeeeeeeeeeeeeeeeeeeeeeeeeeeeeeeeeeeeeeeeeeeeeeeeeeeeeeeeeeeeeeeeeeeeeeeeeeeeeeeeeeeeeeeeeeeeeee"`;
