// Jest Snapshot v1, https://goo.gl/fbAQLP

exports[`costFunc output matches snapshot 1`] = `
Object {
  "cost": 53.44277632796922,
  "graph": Graph {
    "backpropFuncs": Array [
      [Function],
      [Function],
      [Function],
      [Function],
      [Function],
      [Function],
      [Function],
      [Function],
      [Function],
      [Function],
      [Function],
      [Function],
      [Function],
      [Function],
      [Function],
      [Function],
      [Function],
      [Function],
      [Function],
      [Function],
      [Function],
      [Function],
      [Function],
      [Function],
      [Function],
      [Function],
      [Function],
      [Function],
      [Function],
      [Function],
      [Function],
      [Function],
      [Function],
      [Function],
      [Function],
      [Function],
      [Function],
      [Function],
      [Function],
      [Function],
      [Function],
      [Function],
      [Function],
      [Function],
      [Function],
      [Function],
      [Function],
      [Function],
      [Function],
      [Function],
      [Function],
      [Function],
      [Function],
      [Function],
      [Function],
      [Function],
      [Function],
      [Function],
      [Function],
      [Function],
      [Function],
      [Function],
      [Function],
      [Function],
      [Function],
      [Function],
      [Function],
      [Function],
      [Function],
      [Function],
      [Function],
      [Function],
      [Function],
      [Function],
      [Function],
      [Function],
      [Function],
      [Function],
      [Function],
      [Function],
      [Function],
      [Function],
      [Function],
      [Function],
      [Function],
      [Function],
      [Function],
      [Function],
      [Function],
      [Function],
      [Function],
      [Function],
      [Function],
      [Function],
      [Function],
      [Function],
      [Function],
      [Function],
      [Function],
      [Function],
      [Function],
      [Function],
      [Function],
      [Function],
      [Function],
      [Function],
      [Function],
      [Function],
      [Function],
      [Function],
      [Function],
      [Function],
      [Function],
      [Function],
      [Function],
      [Function],
      [Function],
      [Function],
      [Function],
      [Function],
      [Function],
      [Function],
      [Function],
      [Function],
      [Function],
      [Function],
      [Function],
      [Function],
      [Function],
      [Function],
      [Function],
      [Function],
      [Function],
      [Function],
      [Function],
      [Function],
      [Function],
      [Function],
      [Function],
      [Function],
      [Function],
      [Function],
      [Function],
      [Function],
      [Function],
      [Function],
      [Function],
      [Function],
      [Function],
      [Function],
      [Function],
      [Function],
      [Function],
      [Function],
      [Function],
      [Function],
      [Function],
      [Function],
      [Function],
      [Function],
      [Function],
      [Function],
      [Function],
      [Function],
      [Function],
      [Function],
      [Function],
      [Function],
      [Function],
      [Function],
      [Function],
      [Function],
      [Function],
      [Function],
      [Function],
      [Function],
      [Function],
      [Function],
      [Function],
      [Function],
      [Function],
      [Function],
      [Function],
      [Function],
      [Function],
      [Function],
      [Function],
      [Function],
      [Function],
      [Function],
      [Function],
      [Function],
      [Function],
      [Function],
      [Function],
      [Function],
      [Function],
      [Function],
      [Function],
      [Function],
      [Function],
      [Function],
      [Function],
      [Function],
      [Function],
      [Function],
      [Function],
      [Function],
      [Function],
      [Function],
      [Function],
      [Function],
      [Function],
      [Function],
      [Function],
      [Function],
      [Function],
      [Function],
      [Function],
      [Function],
      [Function],
      [Function],
      [Function],
      [Function],
      [Function],
      [Function],
      [Function],
      [Function],
      [Function],
      [Function],
      [Function],
      [Function],
      [Function],
      [Function],
      [Function],
      [Function],
      [Function],
      [Function],
      [Function],
      [Function],
      [Function],
      [Function],
      [Function],
      [Function],
      [Function],
      [Function],
      [Function],
      [Function],
      [Function],
      [Function],
      [Function],
      [Function],
      [Function],
      [Function],
      [Function],
      [Function],
      [Function],
      [Function],
      [Function],
      [Function],
      [Function],
      [Function],
      [Function],
      [Function],
      [Function],
      [Function],
      [Function],
      [Function],
      [Function],
      [Function],
      [Function],
      [Function],
      [Function],
      [Function],
      [Function],
      [Function],
      [Function],
      [Function],
      [Function],
      [Function],
      [Function],
      [Function],
      [Function],
      [Function],
      [Function],
      [Function],
      [Function],
      [Function],
      [Function],
      [Function],
      [Function],
      [Function],
      [Function],
      [Function],
      [Function],
      [Function],
      [Function],
      [Function],
      [Function],
      [Function],
      [Function],
      [Function],
      [Function],
      [Function],
      [Function],
      [Function],
      [Function],
      [Function],
      [Function],
      [Function],
      [Function],
      [Function],
      [Function],
      [Function],
      [Function],
      [Function],
      [Function],
      [Function],
      [Function],
      [Function],
      [Function],
      [Function],
      [Function],
      [Function],
      [Function],
      [Function],
      [Function],
      [Function],
      [Function],
      [Function],
      [Function],
      [Function],
      [Function],
      [Function],
      [Function],
      [Function],
      [Function],
      [Function],
      [Function],
      [Function],
      [Function],
      [Function],
      [Function],
      [Function],
      [Function],
      [Function],
      [Function],
      [Function],
      [Function],
      [Function],
      [Function],
      [Function],
      [Function],
      [Function],
      [Function],
      [Function],
      [Function],
      [Function],
      [Function],
      [Function],
      [Function],
      [Function],
      [Function],
      [Function],
      [Function],
      [Function],
      [Function],
      [Function],
      [Function],
      [Function],
      [Function],
      [Function],
      [Function],
      [Function],
      [Function],
      [Function],
      [Function],
      [Function],
      [Function],
      [Function],
      [Function],
      [Function],
      [Function],
      [Function],
      [Function],
      [Function],
      [Function],
      [Function],
      [Function],
      [Function],
      [Function],
      [Function],
      [Function],
      [Function],
      [Function],
      [Function],
      [Function],
      [Function],
      [Function],
      [Function],
      [Function],
      [Function],
      [Function],
      [Function],
      [Function],
      [Function],
      [Function],
      [Function],
      [Function],
      [Function],
      [Function],
      [Function],
      [Function],
      [Function],
      [Function],
      [Function],
      [Function],
      [Function],
      [Function],
      [Function],
      [Function],
      [Function],
      [Function],
      [Function],
      [Function],
      [Function],
      [Function],
      [Function],
      [Function],
      [Function],
      [Function],
      [Function],
      [Function],
      [Function],
      [Function],
      [Function],
      [Function],
      [Function],
      [Function],
      [Function],
      [Function],
      [Function],
      [Function],
      [Function],
      [Function],
      [Function],
      [Function],
      [Function],
      [Function],
      [Function],
      [Function],
      [Function],
      [Function],
      [Function],
      [Function],
      [Function],
      [Function],
      [Function],
      [Function],
      [Function],
      [Function],
      [Function],
      [Function],
      [Function],
      [Function],
      [Function],
      [Function],
      [Function],
      [Function],
      [Function],
      [Function],
      [Function],
      [Function],
      [Function],
      [Function],
      [Function],
      [Function],
      [Function],
      [Function],
      [Function],
      [Function],
      [Function],
      [Function],
      [Function],
      [Function],
      [Function],
      [Function],
      [Function],
      [Function],
      [Function],
      [Function],
      [Function],
      [Function],
      [Function],
      [Function],
      [Function],
      [Function],
      [Function],
      [Function],
      [Function],
      [Function],
      [Function],
      [Function],
      [Function],
      [Function],
      [Function],
      [Function],
      [Function],
      [Function],
      [Function],
      [Function],
      [Function],
      [Function],
      [Function],
      [Function],
      [Function],
      [Function],
      [Function],
      [Function],
      [Function],
      [Function],
      [Function],
      [Function],
      [Function],
      [Function],
      [Function],
      [Function],
      [Function],
      [Function],
      [Function],
      [Function],
      [Function],
      [Function],
      [Function],
      [Function],
      [Function],
      [Function],
      [Function],
      [Function],
      [Function],
      [Function],
      [Function],
      [Function],
      [Function],
      [Function],
      [Function],
      [Function],
      [Function],
      [Function],
      [Function],
      [Function],
      [Function],
      [Function],
      [Function],
      [Function],
      [Function],
      [Function],
      [Function],
      [Function],
      [Function],
      [Function],
      [Function],
      [Function],
      [Function],
      [Function],
      [Function],
      [Function],
      [Function],
      [Function],
      [Function],
      [Function],
      [Function],
      [Function],
      [Function],
      [Function],
      [Function],
      [Function],
      [Function],
      [Function],
      [Function],
      [Function],
      [Function],
      [Function],
      [Function],
      [Function],
      [Function],
      [Function],
      [Function],
      [Function],
      [Function],
      [Function],
      [Function],
      [Function],
      [Function],
      [Function],
      [Function],
      [Function],
      [Function],
      [Function],
      [Function],
      [Function],
      [Function],
      [Function],
      [Function],
      [Function],
      [Function],
      [Function],
      [Function],
      [Function],
      [Function],
      [Function],
      [Function],
      [Function],
      [Function],
      [Function],
      [Function],
      [Function],
      [Function],
      [Function],
      [Function],
      [Function],
      [Function],
      [Function],
      [Function],
      [Function],
      [Function],
      [Function],
      [Function],
      [Function],
      [Function],
      [Function],
      [Function],
      [Function],
      [Function],
      [Function],
      [Function],
      [Function],
      [Function],
      [Function],
      [Function],
      [Function],
      [Function],
      [Function],
      [Function],
      [Function],
      [Function],
      [Function],
      [Function],
      [Function],
      [Function],
      [Function],
      [Function],
      [Function],
      [Function],
      [Function],
      [Function],
      [Function],
      [Function],
      [Function],
      [Function],
      [Function],
      [Function],
      [Function],
      [Function],
      [Function],
      [Function],
      [Function],
      [Function],
      [Function],
      [Function],
      [Function],
      [Function],
      [Function],
      [Function],
      [Function],
      [Function],
      [Function],
      [Function],
      [Function],
      [Function],
      [Function],
      [Function],
      [Function],
      [Function],
      [Function],
      [Function],
      [Function],
      [Function],
      [Function],
      [Function],
      [Function],
      [Function],
      [Function],
      [Function],
      [Function],
      [Function],
      [Function],
      [Function],
      [Function],
      [Function],
      [Function],
      [Function],
      [Function],
      [Function],
      [Function],
      [Function],
      [Function],
      [Function],
      [Function],
      [Function],
      [Function],
      [Function],
      [Function],
      [Function],
      [Function],
      [Function],
      [Function],
      [Function],
      [Function],
      [Function],
      [Function],
      [Function],
      [Function],
      [Function],
      [Function],
      [Function],
      [Function],
      [Function],
      [Function],
      [Function],
      [Function],
      [Function],
      [Function],
      [Function],
      [Function],
      [Function],
      [Function],
      [Function],
      [Function],
      [Function],
      [Function],
      [Function],
      [Function],
      [Function],
      [Function],
      [Function],
      [Function],
      [Function],
      [Function],
      [Function],
      [Function],
      [Function],
      [Function],
      [Function],
      [Function],
      [Function],
      [Function],
      [Function],
      [Function],
      [Function],
      [Function],
      [Function],
      [Function],
      [Function],
      [Function],
      [Function],
      [Function],
      [Function],
      [Function],
      [Function],
      [Function],
      [Function],
      [Function],
      [Function],
      [Function],
      [Function],
      [Function],
      [Function],
      [Function],
      [Function],
      [Function],
      [Function],
      [Function],
      [Function],
      [Function],
      [Function],
      [Function],
      [Function],
      [Function],
      [Function],
      [Function],
      [Function],
      [Function],
      [Function],
      [Function],
      [Function],
      [Function],
      [Function],
      [Function],
      [Function],
      [Function],
      [Function],
      [Function],
      [Function],
      [Function],
      [Function],
      [Function],
      [Function],
      [Function],
      [Function],
      [Function],
      [Function],
      [Function],
      [Function],
      [Function],
      [Function],
      [Function],
      [Function],
      [Function],
      [Function],
      [Function],
      [Function],
      [Function],
      [Function],
      [Function],
      [Function],
      [Function],
      [Function],
      [Function],
      [Function],
      [Function],
      [Function],
      [Function],
      [Function],
      [Function],
      [Function],
      [Function],
      [Function],
      [Function],
      [Function],
      [Function],
      [Function],
      [Function],
      [Function],
      [Function],
      [Function],
      [Function],
      [Function],
      [Function],
      [Function],
      [Function],
      [Function],
      [Function],
      [Function],
      [Function],
      [Function],
      [Function],
      [Function],
      [Function],
      [Function],
      [Function],
      [Function],
      [Function],
      [Function],
      [Function],
      [Function],
      [Function],
      [Function],
      [Function],
      [Function],
      [Function],
      [Function],
      [Function],
      [Function],
      [Function],
      [Function],
      [Function],
      [Function],
      [Function],
      [Function],
      [Function],
      [Function],
      [Function],
      [Function],
      [Function],
      [Function],
      [Function],
      [Function],
      [Function],
      [Function],
      [Function],
      [Function],
      [Function],
      [Function],
      [Function],
      [Function],
      [Function],
      [Function],
      [Function],
      [Function],
      [Function],
      [Function],
      [Function],
      [Function],
      [Function],
      [Function],
      [Function],
      [Function],
      [Function],
      [Function],
      [Function],
      [Function],
      [Function],
      [Function],
      [Function],
      [Function],
      [Function],
      [Function],
      [Function],
      [Function],
      [Function],
      [Function],
      [Function],
      [Function],
      [Function],
      [Function],
      [Function],
      [Function],
      [Function],
      [Function],
      [Function],
      [Function],
      [Function],
      [Function],
      [Function],
      [Function],
      [Function],
      [Function],
      [Function],
      [Function],
      [Function],
      [Function],
      [Function],
      [Function],
      [Function],
      [Function],
      [Function],
      [Function],
      [Function],
      [Function],
      [Function],
      [Function],
      [Function],
      [Function],
      [Function],
      [Function],
      [Function],
      [Function],
      [Function],
      [Function],
      [Function],
      [Function],
      [Function],
      [Function],
      [Function],
      [Function],
      [Function],
      [Function],
      [Function],
      [Function],
      [Function],
      [Function],
      [Function],
      [Function],
      [Function],
      [Function],
      [Function],
      [Function],
      [Function],
      [Function],
      [Function],
      [Function],
      [Function],
      [Function],
      [Function],
      [Function],
      [Function],
      [Function],
      [Function],
      [Function],
      [Function],
      [Function],
      [Function],
      [Function],
      [Function],
      [Function],
      [Function],
      [Function],
      [Function],
      [Function],
      [Function],
      [Function],
      [Function],
      [Function],
      [Function],
      [Function],
      [Function],
      [Function],
      [Function],
      [Function],
      [Function],
      [Function],
      [Function],
      [Function],
      [Function],
      [Function],
      [Function],
      [Function],
      [Function],
      [Function],
      [Function],
      [Function],
      [Function],
      [Function],
      [Function],
      [Function],
      [Function],
      [Function],
      [Function],
      [Function],
      [Function],
      [Function],
      [Function],
      [Function],
      [Function],
      [Function],
      [Function],
      [Function],
      [Function],
      [Function],
      [Function],
      [Function],
      [Function],
      [Function],
      [Function],
      [Function],
      [Function],
      [Function],
      [Function],
      [Function],
      [Function],
      [Function],
      [Function],
      [Function],
      [Function],
      [Function],
      [Function],
      [Function],
      [Function],
      [Function],
      [Function],
      [Function],
      [Function],
      [Function],
      [Function],
      [Function],
      [Function],
      [Function],
      [Function],
      [Function],
      [Function],
      [Function],
      [Function],
      [Function],
      [Function],
      [Function],
      [Function],
      [Function],
      [Function],
      [Function],
      [Function],
      [Function],
      [Function],
      [Function],
      [Function],
      [Function],
      [Function],
      [Function],
      [Function],
      [Function],
      [Function],
      [Function],
      [Function],
      [Function],
      [Function],
      [Function],
      [Function],
      [Function],
      [Function],
      [Function],
      [Function],
      [Function],
      [Function],
      [Function],
      [Function],
      [Function],
      [Function],
      [Function],
      [Function],
      [Function],
      [Function],
      [Function],
      [Function],
      [Function],
      [Function],
      [Function],
      [Function],
      [Function],
      [Function],
      [Function],
      [Function],
      [Function],
      [Function],
      [Function],
      [Function],
      [Function],
      [Function],
      [Function],
      [Function],
      [Function],
      [Function],
      [Function],
      [Function],
      [Function],
      [Function],
      [Function],
      [Function],
      [Function],
      [Function],
      [Function],
      [Function],
      [Function],
      [Function],
      [Function],
      [Function],
      [Function],
      [Function],
      [Function],
      [Function],
      [Function],
      [Function],
      [Function],
      [Function],
      [Function],
      [Function],
      [Function],
      [Function],
      [Function],
      [Function],
      [Function],
      [Function],
      [Function],
      [Function],
      [Function],
      [Function],
      [Function],
      [Function],
      [Function],
      [Function],
      [Function],
      [Function],
      [Function],
      [Function],
      [Function],
      [Function],
      [Function],
      [Function],
      [Function],
      [Function],
      [Function],
      [Function],
      [Function],
      [Function],
      [Function],
      [Function],
      [Function],
      [Function],
      [Function],
      [Function],
      [Function],
      [Function],
      [Function],
      [Function],
      [Function],
      [Function],
      [Function],
      [Function],
      [Function],
      [Function],
      [Function],
      [Function],
      [Function],
      [Function],
      [Function],
      [Function],
      [Function],
      [Function],
      [Function],
      [Function],
      [Function],
      [Function],
      [Function],
      [Function],
      [Function],
      [Function],
      [Function],
      [Function],
      [Function],
      [Function],
      [Function],
      [Function],
      [Function],
      [Function],
      [Function],
      [Function],
      [Function],
      [Function],
      [Function],
      [Function],
      [Function],
      [Function],
      [Function],
      [Function],
      [Function],
      [Function],
      [Function],
      [Function],
      [Function],
      [Function],
      [Function],
      [Function],
      [Function],
      [Function],
      [Function],
      [Function],
      [Function],
      [Function],
      [Function],
      [Function],
      [Function],
      [Function],
      [Function],
      [Function],
      [Function],
      [Function],
      [Function],
      [Function],
      [Function],
      [Function],
      [Function],
      [Function],
      [Function],
      [Function],
      [Function],
      [Function],
      [Function],
      [Function],
      [Function],
      [Function],
      [Function],
      [Function],
      [Function],
    ],
    "doBackprop": true,
  },
  "perplexity": 11.349992757446673,
}
`;

exports[`predictSentence output matches snapshot 1`] = `"the stong the stong"`;
